[11/26/25 01:33:47] INFO     No custom _config.py:92
                             team name              
                             replaceme              
                             nts                    
                             found.                 
                             You can                
                             configure              
                             these in               
                             /Users/er              
                             ikfigueir              
                             edo/socce              
                             rdata/con              
                             fig/teamn              
                             ame_repla              
                             cements.j              
                             son.                   
                    INFO     No       _config.py:198
                             custom                 
                             league                 
                             dict                   
                             found.                 
                             You can                
                             configur               
                             e                      
                             addition               
                             al                     
                             leagues                
                             in                     
                             /Users/e               
                             rikfigue               
                             iredo/so               
                             ccerdata               
                             /config/               
                             league_d               
                             ict.json               
                             .                      
⚠️  Statsmodels/Scipy not found. Using Mock Model for demonstration.
🚀 Testing Poisson Model Integration
🚀 Initializing Phase 2 Orchestrator (Brasileirão 2025)...
                    INFO     I stats_collector.py:63
                             n                      
                             i                      
                             t                      
                             i                      
                             a                      
                             l                      
                             i                      
                             z                      
                             i                      
                             n                      
                             g                      
                                                    
                             c                      
                             o                      
                             m                      
                             p                      
                             r                      
                             e                      
                             h                      
                             e                      
                             n                      
                             s                      
                             i                      
                             v                      
                             e                      
                                                    
                             s                      
                             c                      
                             r                      
                             a                      
                             p                      
                             e                      
                             r                      
                                                    
                             f                      
                             o                      
                             r                      
                                                    
                             B                      
                             r                      
                             a                      
                             s                      
                             i                      
                             l                      
                             e                      
                             i                      
                             r                      
                             ã                      
                             o                      
                                                    
                             2                      
                             0                      
                             2                      
                             5                      
                    INFO     🇧 stats_collector.py:75
                             🇷                      
                                                    
                             A                      
                             d                      
                             d                      
                             e                      
                             d                      
                                                    
                             B                      
                             r                      
                             a                      
                             z                      
                             i                      
                             l                      
                                                    
                             S                      
                             e                      
                             r                      
                             i                      
                             e                      
                                                    
                             A                      
                             t                      
                             o                      
                                                    
                             s                      
                             o                      
                             c                      
                             c                      
                             e                      
                             r                      
                             d                      
                             a                      
                             t                      
                             a                      
                                                    
                             c                      
                             o                      
                             n                      
                             f                      
                             i                      
                             g                      
                    INFO     Saving   _common.py:249
                             cached                 
                             data to                
                             /Users/e               
                             rikfigue               
                             iredo/so               
                             ccerdata               
                             /data/FB               
                             ref                    
[2025-11-26 01:33:47] INFO     TLSLibrary:_load_library:401 - Successfully loaded TLS library: /Library/Frameworks/Python.framework/Versions/3.13/lib/python3.13/site-packages/tls_requests/bin/tls-client-darwin-arm64-1.11.2.dylib
                    INFO     Succes libraries.py:401
                             sfully                 
                                                    
                             loaded                 
                             TLS                    
                             librar                 
                             y:                     
                             /Libra                 
                             ry/Fra                 
                             mework                 
                             s/Pyth                 
                             on.fra                 
                             mework                 
                             /Versi                 
                             ons/3.                 
                             13/lib                 
                             /pytho                 
                             n3.13/                 
                             site-p                 
                             ackage                 
                             s/tls_                 
                             reques                 
                             ts/bin                 
                             /tls-c                 
                             lient-                 
                             darwin                 
                             -arm64                 
                             -1.11.                 
                             2.dyli                 
                             b                      
                    INFO       stats_collector.py:79
                                                    
                             F                      
                             B                      
                             r                      
                             e                      
                             f                      
                                                    
                             i                      
                             n                      
                             i                      
                             t                      
                             i                      
                             a                      
                             l                      
                             i                      
                             z                      
                             e                      
                             d                      
                    INFO     ⏸️ stats_collector.py:92
                             S                      
                             o                      
                             f                      
                             a                      
                             S                      
                             c                      
                             o                      
                             r                      
                             e                      
                                                    
                             D                      
                             I                      
                             S                      
                             A                      
                             B                      
                             L                      
                             E                      
                             D                      
                                                    
                             (                      
                             l                      
                             e                      
                             a                      
                             g                      
                             u                      
                             e                      
                                                    
                             m                      
                             a                      
                             p                      
                             p                      
                             i                      
                             n                      
                             g                      
                                                    
                             b                      
                             u                      
                             g                      
                                                    
                             -                      
                             n                      
                             o                      
                             n                      
                             -                      
                             c                      
                             r                      
                             i                      
                             t                      
                             i                      
                             c                      
                             a                      
                             l                      
                             )                      
                    INFO     Saving   _common.py:249
                             cached                 
                             data to                
                             /Users/e               
                             rikfigue               
                             iredo/so               
                             ccerdata               
                             /data/Fo               
                             tMob                   
[11/26/25 01:33:48] INFO       stats_collector.py:97
                                                    
                             F                      
                             o                      
                             t                      
                             M                      
                             o                      
                             b                      
                                                    
                             i                      
                             n                      
                             i                      
                             t                      
                             i                      
                             a                      
                             l                      
                             i                      
                             z                      
                             e                      
                             d                      
                    WARNING  ⚠️ stats_collector.py:1…
                             U                      
                             n                      
                             d                      
                             e                      
                             r                      
                             s                      
                             t                      
                             a                      
                             t                      
                                                    
                             f                      
                             a                      
                             i                      
                             l                      
                             e                      
                             d                      
                             :                      
                                                    
                                                    
                                                    
                                                    
                                                    
                                                    
                                                    
                                                    
                                                    
                                                    
                                                    
                                                    
                                                    
                                                    
                                                    
                                                    
                                                    
                                                    
                                                    
                                                    
                                                    
                                                    
                                                    
                                                    
                                                    
                             I                      
                             n                      
                             v                      
                             a                      
                             l                      
                             i                      
                             d                      
                                                    
                             l                      
                             e                      
                             a                      
                             g                      
                             u                      
                             e                      
                                                    
                             '                      
                             B                      
                             R                      
                             A                      
                             -                      
                             S                      
                             e                      
                             r                      
                             i                      
                             e                      
                                                    
                             A                      
                             '                      
                             .                      
                                                    
                             V                      
                             a                      
                             l                      
                             i                      
                             d                      
                                                    
                             l                      
                             e                      
                             a                      
                             g                      
                             u                      
                             e                      
                             s                      
                                                    
                             a                      
                             r                      
                             e                      
                             :                      
                                                    
                                                    
                                                    
                                                    
                                                    
                                                    
                                                    
                                                    
                                                    
                                                    
                                                    
                                                    
                                                    
                                                    
                                                    
                                                    
                                                    
                                                    
                                                    
                                                    
                                                    
                                                    
                                                    
                                                    
                             [                      
                             '                      
                             E                      
                             N                      
                             G                      
                             -                      
                             P                      
                             r                      
                             e                      
                             m                      
                             i                      
                             e                      
                             r                      
                                                    
                             L                      
                             e                      
                             a                      
                             g                      
                             u                      
                             e                      
                             '                      
                             ,                      
                                                    
                             '                      
                             E                      
                             S                      
                             P                      
                             -                      
                             L                      
                             a                      
                                                    
                             L                      
                             i                      
                             g                      
                             a                      
                             '                      
                             ,                      
                                                    
                             '                      
                             F                      
                             R                      
                             A                      
                             -                      
                             L                      
                             i                      
                             g                      
                             u                      
                             e                      
                                                    
                             1                      
                             '                      
                             ,                      
                                                    
                             '                      
                             G                      
                             E                      
                             R                      
                             -                      
                             B                      
                             u                      
                             n                      
                             d                      
                             e                      
                             s                      
                             l                      
                             i                      
                             g                      
                             a                      
                             '                      
                             ,                      
                                                    
                             '                      
                             I                      
                             T                      
                             A                      
                             -                      
                             S                      
                             e                      
                             r                      
                             i                      
                             e                      
                                                    
                             A                      
                             '                      
                             ]                      
                                                    
                    INFO     Saving   _common.py:249
                             cached                 
                             data to                
                             /Users/e               
                             rikfigue               
                             iredo/so               
                             ccerdata               
                             /data/Cl               
                             ubElo                  
                    INFO       stats_collector.py:1…
                                                    
                             C                      
                             l                      
                             u                      
                             b                      
                             E                      
                             l                      
                             o                      
                                                    
                             i                      
                             n                      
                             i                      
                             t                      
                             i                      
                             a                      
                             l                      
                             i                      
                             z                      
                             e                      
                             d                      
                                                    
                             (                      
                             E                      
                             l                      
                             o                      
                                                    
                             r                      
                             a                      
                             t                      
                             i                      
                             n                      
                             g                      
                             s                      
                             )                      
                    INFO     Saving   _common.py:249
                             cached                 
                             data to                
                             /Users/e               
                             rikfigue               
                             iredo/so               
                             ccerdata               
                             /data/Ma               
                             tchHisto               
                             ry                     
                    INFO       stats_collector.py:1…
                                                    
                             m                      
                             a                      
                             t                      
                             c                      
                             h                      
                             _                      
                             h                      
                             i                      
                             s                      
                             t                      
                             o                      
                             r                      
                             y                      
                                                    
                             i                      
                             n                      
                             i                      
                             t                      
                             i                      
                             a                      
                             l                      
                             i                      
                             z                      
                             e                      
                             d                      
                                                    
                             (                      
                             H                      
                             2                      
                             H                      
                                                    
                             d                      
                             a                      
                             t                      
                             a                      
                                                    
                             f                      
                             o                      
                             r                      
                                                    
                             5                      
                             s                      
                             e                      
                             a                      
                             s                      
                             o                      
                             n                      
                             s                      
                             )                      
   ⚠️  Hard Stats Collectors unavailable: name 'FotMobScraper' is not defined
DEBUG: Received matches: [{'home': 'Fluminense', 'away': 'Sao Paulo', 'date': '2025-11-27'}]

📋 Processing 1 matches...

============================================================
⚽ Match 1/1: Fluminense vs Sao Paulo
============================================================

[1] Collecting News & Context...
🚀 Collecting Data for: Fluminense vs Sao Paulo
   🔎 Searching for Match Preview...
      Found Preview: https://www.sportsmole.co.uk/football/sao-paulo/preview/sao-paulo-vs-fluminense-prediction-team-news-lineups_578013.html
   🔎 Searching Local News for Fluminense...
      Found GE Page: https://ge.globo.com/futebol/times/fluminense/
      ✓ Extracted 5 headlines
   🔎 Searching Local News for Sao Paulo...
      Found GE Page: https://ge.globo.com/futebol/times/sao-paulo/
      ✓ Extracted 5 headlines
   📖 Fetching full article content for top news...
    -> Sentiment Score: 0.00

[3] Fetching API-Football Data...
   🔎 Searching API-Football for Fluminense vs Sao Paulo on 2025-11-27...
    -> Found Fixture ID: 1478031
    -> Found Fixture ID: 1478031
    -> Fetching Team Stats from API...
       ✅ Home Stats Fetched
       ✅ Away Stats Fetched
    -> API Prediction: Fluminense (Advice: Combo Double chance : Fluminense or draw and -3.5 goals)

[3.5] Fetching FootyStats Data...
    -> Found Season ID: 14231
       ✅ FootyStats: Fluminense (xG: 1.36)
       ✅ FootyStats: Sao Paulo (xG: 1.39)

[4] Calculating Q-Scores (Advanced Metrics)...
    -> Home Q-Score: 50.0
    -> Away Q-Score: 43.3
       Attack (Q2): H 4 vs A 4
       Defense (Q4): H 6 vs A 4
       Tactics (Q6): H 5 vs A 5
       H2H (Q17): H 5 vs A 5

[4.6] Running Medallion Score Engine (Quantitative AH Analysis)...
    ⚠️ Error in Medallion Engine: 'MedallionScoreEngine' object has no attribute 'calculate_technique'
Traceback (most recent call last):
  File "/Users/erikfigueiredo/Documents/GitHub/yudor-betting-system/scripts/Phase2/phase2_orchestrator.py", line 400, in process_matches
    medallion_result = self.medallion_engine.analyze_match(
        home_stats=match_result["data"].get("home_stats", {}),
    ...<7 lines>...
        away_form=away_form_str[-6:] if away_form_str else None
    )
  File "/Users/erikfigueiredo/Documents/GitHub/yudor-betting-system/scripts/Phase2/medallion_score_engine.py", line 24, in analyze_match
    h_tech = self.calculate_technique(home_stats, away_stats)
             ^^^^^^^^^^^^^^^^^^^^^^^^
AttributeError: 'MedallionScoreEngine' object has no attribute 'calculate_technique'

[4.7] Running Poisson AH Model (Mathematical Foundation)...
    ⚠️ Error in Poisson Model: 'Phase2Orchestrator' object has no attribute 'poisson_model'
Traceback (most recent call last):
  File "/Users/erikfigueiredo/Documents/GitHub/yudor-betting-system/scripts/Phase2/phase2_orchestrator.py", line 438, in process_matches
    poisson_result = self.poisson_model.analyze_match(
                     ^^^^^^^^^^^^^^^^^^
AttributeError: 'Phase2Orchestrator' object has no attribute 'poisson_model'. Did you mean: 'poisson_ah_model'?

[4] Running Confidence Check...
    -> Confidence Score: 70%
       ✅ Good News Coverage (10 items)
       ✅ Hard Stats Available
       ⚠️ Missing Lineups
       ✅ API Predictions Available
       ✅ API Injury Reports Available
       ℹ️ Neutral Sentiment

[5] Running Yudor Model...
    -> True Prob: Home 4666.67% | Draw 2500.00% | Away 2833.33%
    -> Optimal Line: AH -0.5
    -> Fair Odds: {'AH -3.0': np.float64(8.669052290802657), 'AH -2.75': np.float64(7.538306339828399), 'AH -2.5': np.float64(6.55504899115513), 'AH -2.25': np.float64(5.700042601004461), 'AH -2.0': np.float64(4.956558783482141), 'AH -1.75': np.float64(4.310051116071427), 'AH -1.5': np.float64(3.7478705357142843), 'AH -1.25': np.float64(3.2590178571428563), 'AH -1.0': np.float64(2.833928571428571), 'AH -0.75': np.float64(2.464285714285714), 'AH -0.5': np.float64(2.142857142857143), 'AH -0.25': np.float64(1.8214285714285714), 'AH 0.0': np.float64(1.5482142857142855), 'AH 0.25': np.float64(1.3159821428571425), 'AH 0.5': np.float64(1.1185848214285712), 'AH 0.75': np.float64(0.9507970982142856), 'AH 1.0': np.float64(0.8081775334821427), 'AH 1.25': np.float64(0.6869509034598212), 'AH 1.5': np.float64(0.5839082679408482), 'AH 1.75': np.float64(0.49632202774972084), 'AH 2.0': np.float64(0.42187372358726266), 'AH 2.25': np.float64(0.35859266504917325), 'AH 2.5': np.float64(0.30480376529179726), 'AH 2.75': np.float64(0.2590832004980277), 'AH 3.0': np.float64(0.22022072042332352)}
   [Context] Auto-calculated score for Fluminense vs Sao Paulo: 0.00
    ❌ No Value Found (Model might need training or odds don't match)
    💾 Match Data Saved: /Users/erikfigueiredo/Documents/GitHub/yudor-betting-system/data/matches/Brasileirão/2025/2025-11-27_Fluminense_vs_Sao_Paulo.json

❌ Poisson Model Missing!

❌ Medallion Engine Missing!
